exports[`createRSS should generate a RSS feed 1`] = `"<?xml version=\"1.0\" encoding=\"UTF-8\"?><rss xmlns:dc=\"http://purl.org/dc/elements/1.1/\" xmlns:content=\"http://purl.org/rss/1.0/modules/content/\" xmlns:atom=\"http://www.w3.org/2005/Atom\" version=\"2.0\"><channel><title><![CDATA[Untitled RSS Feed]]></title><description><![CDATA[Untitled RSS Feed]]></description><link>http://github.com/dylang/node-rss</link><generator>RSS for Node</generator><lastBuildDate>Sat, 17 Dec 2016 14:41:23 GMT</lastBuildDate><atom:link href=\"https://putaindecode.io\" rel=\"self\" type=\"application/rss+xml\"/><item><title><![CDATA[a]]></title><link>https://putaindecode.ioundefined</link><guid isPermaLink=\"true\">https://putaindecode.ioundefined</guid><dc:creator><![CDATA[bloodyowl]]></dc:creator><pubDate>Sat, 17 Dec 2016 00:00:00 GMT</pubDate></item></channel></rss>"`;
